// Vitest Snapshot v1, https://vitest.dev/guide/snapshot.html

exports[`button > alert render 1`] = `"<div> Nuxt module playground! <button> click me </button></div>"`;
